// Jest Snapshot v1, https://goo.gl/fbAQLP

exports[`ASTIntegerLiteral tests instance with token input 1`] = `
ASTIntegerLiteral {
  "token": Object {
    "literal": "2",
    "type": Symbol(int),
  },
  "value": 2,
}
`;

exports[`ASTIntegerLiteral tests toNumber returns value of the identifier 1`] = `2`;

exports[`ASTIntegerLiteral tests tokenLiteral returns literal of the token 1`] = `"2"`;
